#! /c/Source/iverilog-install/bin/vvp
:ivl_version "12.0 (devel)" "(s20150603-1539-g2693dd32b)";
:ivl_delay_selection "TYPICAL";
:vpi_time_precision + 0;
:vpi_module "C:\iverilog\lib\ivl\system.vpi";
:vpi_module "C:\iverilog\lib\ivl\vhdl_sys.vpi";
:vpi_module "C:\iverilog\lib\ivl\vhdl_textio.vpi";
:vpi_module "C:\iverilog\lib\ivl\v2005_math.vpi";
:vpi_module "C:\iverilog\lib\ivl\va_math.vpi";
S_000002cfa49028d0 .scope module, "tanh_lut" "tanh_lut" 2 6;
 .timescale 0 0;
    .port_info 0 /INPUT 16 "z_q1_7_8";
    .port_info 1 /OUTPUT 16 "a_tanh";
P_000002cfa4902a60 .param/l "ADDRESS_BITS" 1 2 12, +C4<00000000000000000000000000001010>;
P_000002cfa4902a98 .param/l "DATA_WIDTH" 1 2 13, +C4<00000000000000000000000000010000>;
P_000002cfa4902ad0 .param/l "MAX_NEGATIVE_VAL" 1 2 38, C4<1111111100000000>;
P_000002cfa4902b08 .param/l "MAX_POSITIVE_VAL" 1 2 37, C4<0000000100000000>;
P_000002cfa4902b40 .param/l "ROM_DEPTH" 1 2 14, +C4<000000000000000000000000000000010000000000>;
v000002cfa49033f0 .array "TANH_ROM", 1023 0, 15 0;
v000002cfa48c8250_0 .var "a_tanh", 15 0;
v000002cfa48cbe30_0 .net "rom_address", 9 0, L_000002cfa4902b80;  1 drivers
o000002cfa4936ff8 .functor BUFZ 16, C4<zzzzzzzzzzzzzzzz>; HiZ drive
v000002cfa48cbed0_0 .net "z_q1_7_8", 15 0, o000002cfa4936ff8;  0 drivers
E_000002cfa48cc2f0 .event anyedge, v000002cfa48cbed0_0;
L_000002cfa4902b80 .part o000002cfa4936ff8, 5, 10;
    .scope S_000002cfa49028d0;
T_0 ;
    %vpi_call 2 22 "$readmemh", "tanh_lut_mem.hex", v000002cfa49033f0 {0 0 0};
    %vpi_call 2 23 "$display", "TANH_ROM initialized successfully with %0d entries.", P_000002cfa4902b40 {0 0 0};
    %end;
    .thread T_0;
    .scope S_000002cfa49028d0;
T_1 ;
    %wait E_000002cfa48cc2f0;
    %load/vec4 v000002cfa48cbe30_0;
    %pad/u 12;
    %ix/vec4 4;
    %load/vec4a v000002cfa49033f0, 4;
    %store/vec4 v000002cfa48c8250_0, 0, 16;
    %jmp T_1;
    .thread T_1, $push;
# The file index is used to find the file name in the following table.
:file_names 3;
    "N/A";
    "<interactive>";
    "c:\Users\ASUS\Documents\Akademik\SEM5\VLSI\GANtungan-Kunci\model\tanh_lut.v";
