#! /c/Source/iverilog-install/bin/vvp
:ivl_version "12.0 (devel)" "(s20150603-1539-g2693dd32b)";
:ivl_delay_selection "TYPICAL";
:vpi_time_precision - 12;
:vpi_module "C:\iverilog\lib\ivl\system.vpi";
:vpi_module "C:\iverilog\lib\ivl\vhdl_sys.vpi";
:vpi_module "C:\iverilog\lib\ivl\vhdl_textio.vpi";
:vpi_module "C:\iverilog\lib\ivl\v2005_math.vpi";
:vpi_module "C:\iverilog\lib\ivl\va_math.vpi";
S_000001975f558dd0 .scope module, "tb_sigmoid_lut" "tb_sigmoid_lut" 2 66;
 .timescale -9 -12;
v000001975f55d230_0 .net "a_out", 15 0, L_000001975f618700;  1 drivers
v000001975f55c470_0 .var "z_in", 15 0;
S_000001975f558930 .scope module, "DUT" "sigmoid_lut" 2 73, 2 13 0, S_000001975f558dd0;
 .timescale -9 -12;
    .port_info 0 /INPUT 16 "z_q1_7_8";
    .port_info 1 /OUTPUT 16 "a_sigmoid";
P_000001975f6ae3a0 .param/l "ADDRESS_BITS" 1 2 19, +C4<00000000000000000000000000001010>;
P_000001975f6ae3d8 .param/l "DATA_WIDTH" 1 2 20, +C4<00000000000000000000000000010000>;
P_000001975f6ae410 .param/l "NEG_CLAMP_THRESHOLD" 1 2 32, C4<1111101000000000>;
P_000001975f6ae448 .param/l "POS_CLAMP_THRESHOLD" 1 2 30, C4<0000011000000000>;
P_000001975f6ae480 .param/l "ROM_DEPTH" 1 2 21, +C4<000000000000000000000000000000010000000000>;
P_000001975f6ae4b8 .param/l "SIGMOID_MAX_VAL" 1 2 25, C4<0000000100000000>;
P_000001975f6ae4f0 .param/l "SIGMOID_MIN_VAL" 1 2 26, C4<0000000000000000>;
v000001975f55d050 .array "SIGMOID_ROM", 1023 0, 15 0;
v000001975f55cfb0_0 .net *"_ivl_10", 0 0, L_000001975f55c790;  1 drivers
L_000001975f5bf190 .functor BUFT 1, C4<0000000000000000>, C4<0>, C4<0>, C4<0>;
v000001975f55c970_0 .net/2u *"_ivl_12", 15 0, L_000001975f5bf190;  1 drivers
v000001975f55c8d0_0 .net *"_ivl_14", 15 0, L_000001975f55cbf0;  1 drivers
v000001975f55d2d0_0 .net *"_ivl_16", 11 0, L_000001975f55c830;  1 drivers
L_000001975f5bf1d8 .functor BUFT 1, C4<00>, C4<0>, C4<0>, C4<0>;
v000001975f55d0f0_0 .net *"_ivl_19", 1 0, L_000001975f5bf1d8;  1 drivers
L_000001975f5bf0b8 .functor BUFT 1, C4<0000011000000000>, C4<0>, C4<0>, C4<0>;
v000001975f55cc90_0 .net/2s *"_ivl_2", 15 0, L_000001975f5bf0b8;  1 drivers
v000001975f55cd30_0 .net *"_ivl_20", 15 0, L_000001975f617d00;  1 drivers
v000001975f55ca10_0 .net *"_ivl_4", 0 0, L_000001975f55cab0;  1 drivers
L_000001975f5bf100 .functor BUFT 1, C4<0000000100000000>, C4<0>, C4<0>, C4<0>;
v000001975f55d190_0 .net/2u *"_ivl_6", 15 0, L_000001975f5bf100;  1 drivers
L_000001975f5bf148 .functor BUFT 1, C4<1111101000000000>, C4<0>, C4<0>, C4<0>;
v000001975f55cdd0_0 .net/2s *"_ivl_8", 15 0, L_000001975f5bf148;  1 drivers
v000001975f55c650_0 .net "a_sigmoid", 15 0, L_000001975f618700;  alias, 1 drivers
v000001975f55c6f0_0 .net "rom_address", 9 0, L_000001975f55c5b0;  1 drivers
v000001975f55cb50_0 .net "z_q1_7_8", 15 0, v000001975f55c470_0;  1 drivers
L_000001975f55c5b0 .part v000001975f55c470_0, 5, 10;
L_000001975f55cab0 .cmp/ge.s 16, v000001975f55c470_0, L_000001975f5bf0b8;
L_000001975f55c790 .cmp/ge.s 16, L_000001975f5bf148, v000001975f55c470_0;
L_000001975f55cbf0 .array/port v000001975f55d050, L_000001975f55c830;
L_000001975f55c830 .concat [ 10 2 0 0], L_000001975f55c5b0, L_000001975f5bf1d8;
L_000001975f617d00 .functor MUXZ 16, L_000001975f55cbf0, L_000001975f5bf190, L_000001975f55c790, C4<>;
L_000001975f618700 .functor MUXZ 16, L_000001975f617d00, L_000001975f5bf100, L_000001975f55cab0, C4<>;
S_000001975f564b60 .scope function.real, "q_to_float" "q_to_float" 2 79, 2 79 0, S_000001975f558dd0;
 .timescale -9 -12;
v000001975f55ce70_0 .var "fixed_val", 15 0;
; Variable q_to_float is REAL return value of scope S_000001975f564b60
TD_tb_sigmoid_lut.q_to_float ;
    %load/vec4 v000001975f55ce70_0;
    %cvt/rv/s;
    %pushi/real 1073741824, 4074; load=256.000
    %div/wr;
    %ret/real 0; Assign to q_to_float
    %end;
S_000001975f6ae530 .scope task, "test_case" "test_case" 2 141, 2 141 0, S_000001975f558dd0;
 .timescale -9 -12;
v000001975f55cf10_0 .var/i "case_num", 31 0;
v000001975f55c510_0 .var "input_val", 15 0;
TD_tb_sigmoid_lut.test_case ;
    %load/vec4 v000001975f55c510_0;
    %store/vec4 v000001975f55c470_0, 0, 16;
    %delay 10000, 0;
    %load/vec4 v000001975f55c470_0;
    %store/vec4 v000001975f55ce70_0, 0, 16;
    %callf/real TD_tb_sigmoid_lut.q_to_float, S_000001975f564b60;
    %load/vec4 v000001975f55d230_0;
    %store/vec4 v000001975f55ce70_0, 0, 16;
    %callf/real TD_tb_sigmoid_lut.q_to_float, S_000001975f564b60;
    %vpi_call 2 147 "$display", " %4d | %h | %14.8f | %4d | %h | %14.8f", v000001975f55cf10_0, v000001975f55c470_0, W<1,r>, &PV<v000001975f55c470_0, 5, 10>, v000001975f55d230_0, W<0,r> {0 2 0};
    %end;
    .scope S_000001975f558930;
T_2 ;
    %vpi_call 2 39 "$readmemh", "sigmoid_lut_mem.hex", v000001975f55d050 {0 0 0};
    %vpi_call 2 40 "$display", "SIGMOID_ROM initialized successfully with %0d entries.", P_000001975f6ae480 {0 0 0};
    %end;
    .thread T_2;
    .scope S_000001975f558dd0;
T_3 ;
    %vpi_call 2 89 "$dumpfile", "tb_sigmoid_lut.vcd" {0 0 0};
    %vpi_call 2 90 "$dumpvars", 32'sb00000000000000000000000000000000, S_000001975f558dd0 {0 0 0};
    %vpi_call 2 92 "$display", "-----------------------------------------------------------------" {0 0 0};
    %vpi_call 2 93 "$display", "SIGMOID LUT Simulation (Q1.7.8) Trace" {0 0 0};
    %vpi_call 2 94 "$display", "-----------------------------------------------------------------" {0 0 0};
    %vpi_call 2 95 "$display", " Test | Z_Input(Q) | Z_Input(Float) | Addr | A_Output(Q) | A_Output(Float)" {0 0 0};
    %vpi_call 2 96 "$display", "-----------------------------------------------------------------" {0 0 0};
    %pushi/vec4 1, 0, 32;
    %store/vec4 v000001975f55cf10_0, 0, 32;
    %pushi/vec4 0, 0, 16;
    %store/vec4 v000001975f55c510_0, 0, 16;
    %fork TD_tb_sigmoid_lut.test_case, S_000001975f6ae530;
    %join;
    %pushi/vec4 2, 0, 32;
    %store/vec4 v000001975f55cf10_0, 0, 32;
    %pushi/vec4 256, 0, 16;
    %store/vec4 v000001975f55c510_0, 0, 16;
    %fork TD_tb_sigmoid_lut.test_case, S_000001975f6ae530;
    %join;
    %pushi/vec4 3, 0, 32;
    %store/vec4 v000001975f55cf10_0, 0, 32;
    %pushi/vec4 65280, 0, 16;
    %store/vec4 v000001975f55c510_0, 0, 16;
    %fork TD_tb_sigmoid_lut.test_case, S_000001975f6ae530;
    %join;
    %pushi/vec4 4, 0, 32;
    %store/vec4 v000001975f55cf10_0, 0, 32;
    %pushi/vec4 1533, 0, 16;
    %store/vec4 v000001975f55c510_0, 0, 16;
    %fork TD_tb_sigmoid_lut.test_case, S_000001975f6ae530;
    %join;
    %pushi/vec4 5, 0, 32;
    %store/vec4 v000001975f55cf10_0, 0, 32;
    %pushi/vec4 64003, 0, 16;
    %store/vec4 v000001975f55c510_0, 0, 16;
    %fork TD_tb_sigmoid_lut.test_case, S_000001975f6ae530;
    %join;
    %pushi/vec4 6, 0, 32;
    %store/vec4 v000001975f55cf10_0, 0, 32;
    %pushi/vec4 2560, 0, 16;
    %store/vec4 v000001975f55c510_0, 0, 16;
    %fork TD_tb_sigmoid_lut.test_case, S_000001975f6ae530;
    %join;
    %pushi/vec4 7, 0, 32;
    %store/vec4 v000001975f55cf10_0, 0, 32;
    %pushi/vec4 62976, 0, 16;
    %store/vec4 v000001975f55c510_0, 0, 16;
    %fork TD_tb_sigmoid_lut.test_case, S_000001975f6ae530;
    %join;
    %pushi/vec4 8, 0, 32;
    %store/vec4 v000001975f55cf10_0, 0, 32;
    %pushi/vec4 32767, 0, 16;
    %store/vec4 v000001975f55c510_0, 0, 16;
    %fork TD_tb_sigmoid_lut.test_case, S_000001975f6ae530;
    %join;
    %pushi/vec4 9, 0, 32;
    %store/vec4 v000001975f55cf10_0, 0, 32;
    %pushi/vec4 57856, 0, 16;
    %store/vec4 v000001975f55c510_0, 0, 16;
    %fork TD_tb_sigmoid_lut.test_case, S_000001975f6ae530;
    %join;
    %vpi_call 2 136 "$display", "-----------------------------------------------------------------" {0 0 0};
    %vpi_call 2 137 "$finish" {0 0 0};
    %end;
    .thread T_3;
# The file index is used to find the file name in the following table.
:file_names 3;
    "N/A";
    "<interactive>";
    "c:\Users\ASUS\Documents\Akademik\SEM5\VLSI\GANtungan-Kunci\src\tb_sigmoid_lut.v";
